******************************************************************************
             TMS320C2000 Linker PC v6.4.6                      
******************************************************************************
>> Linked Wed Oct 28 16:39:32 2015

OUTPUT FILE NAME:   <DP_BP.out>
ENTRY POINT SYMBOL: "_c_int00"  address: 003f5060


MEMORY CONFIGURATION

         name            origin    length      used     unused   attr    fill
----------------------  --------  ---------  --------  --------  ----  --------
PAGE 0:
  RAML0                 00008000   00000800  0000016f  00000691  RWIX
  OTP                   003d7800   00000400  00000000  00000400  RWIX
  FLASHH                003d8000   00004000  00000000  00004000  RWIX
  FLASHG                003dc000   00004000  00000000  00004000  RWIX
  FLASHF                003e0000   00004000  00000000  00004000  RWIX
  FLASHE                003e4000   00004000  00000000  00004000  RWIX
  FLASHD                003e8000   00004000  0000016f  00003e91  RWIX
  FLASHC                003ec000   00004000  00000000  00004000  RWIX
  FLASHA                003f4000   00003f80  0000143d  00002b43  RWIX
  CSM_RSVD              003f7f80   00000076  00000000  00000076  RWIX
  BEGIN                 003f7ff6   00000002  00000002  00000000  RWIX
  CSM_PWL_P0            003f7ff8   00000008  00000000  00000008  RWIX
  FPUTABLES             003fd590   000006a0  00000000  000006a0  RWIX
  IQTABLES              003fdc30   00000b50  00000b50  00000000  RWIX
  IQTABLES2             003fe780   0000008c  00000000  0000008c  RWIX
  IQTABLES3             003fe80c   000000aa  00000000  000000aa  RWIX
  IQMATH                003fe8b6   00000afa  00000000  00000afa  RWIX
  ROM                   003ff3b0   00000c10  00000000  00000c10  RWIX
  RESET                 003fffc0   00000002  00000000  00000002  RWIX
  VECTORS               003fffc2   0000003e  00000000  0000003e  RWIX

PAGE 1:
  BOOT_RSVD             00000000   00000050  00000000  00000050  RWIX
  RAMM0                 00000050   000003b0  00000080  00000330  RWIX
  RAMM1                 00000400   00000400  00000000  00000400  RWIX
  DEV_EMU               00000880   00000105  00000004  00000101  RWIX
  SYS_PWR_CTL           00000985   00000003  00000003  00000000  RWIX
  FLASH_REGS            00000a80   00000060  00000008  00000058  RWIX
  CSM                   00000ae0   00000020  00000010  00000010  RWIX
  ADC_RESULT            00000b00   00000020  00000010  00000010  RWIX
  CPU_TIMER0            00000c00   00000008  00000008  00000000  RWIX
  CPU_TIMER1            00000c08   00000008  00000008  00000000  RWIX
  CPU_TIMER2            00000c10   00000008  00000008  00000000  RWIX
  PIE_CTRL              00000ce0   00000020  0000001a  00000006  RWIX
  PIE_VECT              00000d00   00000100  00000100  00000000  RWIX
  DMA                   00001000   00000200  000000e0  00000120  RWIX
  CLA1                  00001400   00000080  00000040  00000040  RWIX
  CLA_CPU_MSGRAM        00001480   00000080  00000000  00000080  RWIX
  CPU_CLA_MSGRAM        00001500   00000080  00000000  00000080  RWIX
  USB0                  00004000   00001000  00000454  00000bac  RWIX
  McBSPA                00005000   00000040  00000024  0000001c  RWIX
  ECANA                 00006000   00000040  00000034  0000000c  RWIX
  ECANA_LAM             00006040   00000040  00000040  00000000  RWIX
  ECANA_MOTS            00006080   00000040  00000040  00000000  RWIX
  ECANA_MOTO            000060c0   00000040  00000040  00000000  RWIX
  ECANA_MBOX            00006100   00000100  00000100  00000000  RWIX
  COMP1                 00006400   00000020  00000014  0000000c  RWIX
  COMP2                 00006420   00000020  00000014  0000000c  RWIX
  COMP3                 00006440   00000020  00000014  0000000c  RWIX
  EPWM1                 00006800   00000040  00000040  00000000  RWIX
  EPWM2                 00006840   00000040  00000040  00000000  RWIX
  EPWM3                 00006880   00000040  00000040  00000000  RWIX
  EPWM4                 000068c0   00000040  00000040  00000000  RWIX
  EPWM5                 00006900   00000040  00000040  00000000  RWIX
  EPWM6                 00006940   00000040  00000040  00000000  RWIX
  EPWM7                 00006980   00000040  00000040  00000000  RWIX
  EPWM8                 000069c0   00000040  00000040  00000000  RWIX
  ECAP1                 00006a00   00000020  00000020  00000000  RWIX
  ECAP2                 00006a20   00000020  00000020  00000000  RWIX
  ECAP3                 00006a40   00000020  00000020  00000000  RWIX
  HRCAP1                00006ac0   00000020  00000020  00000000  RWIX
  HRCAP2                00006ae0   00000020  00000020  00000000  RWIX
  EQEP1                 00006b00   00000040  00000022  0000001e  RWIX
  EQEP2                 00006b40   00000040  00000022  0000001e  RWIX
  HRCAP3                00006c80   00000020  00000020  00000000  RWIX
  HRCAP4                00006ca0   00000020  00000020  00000000  RWIX
  GPIOCTRL              00006f80   00000040  00000040  00000000  RWIX
  GPIODAT               00006fc0   00000020  00000020  00000000  RWIX
  GPIOINT               00006fe0   00000020  00000020  00000000  RWIX
  SYSTEM                00007010   00000030  00000030  00000000  RWIX
  SPIA                  00007040   00000010  00000010  00000000  RWIX
  SCIA                  00007050   00000010  00000010  00000000  RWIX
  NMIINTRUPT            00007060   00000010  00000010  00000000  RWIX
  XINTRUPT              00007070   00000010  00000010  00000000  RWIX
  ADC                   00007100   00000080  00000050  00000030  RWIX
  SPIB                  00007740   00000010  00000010  00000000  RWIX
  SCIB                  00007750   00000010  00000010  00000000  RWIX
  I2CA                  00007900   00000040  00000022  0000001e  RWIX
  dataRAM               00008800   00000400  000001ed  00000213  RWIX
  RAML2                 00008c00   00000400  00000000  00000400  RWIX
  RAML3                 00009000   00001000  00000000  00001000  RWIX
  RAML4                 0000a000   00002000  00000720  000018e0  RWIX
  RAML5                 0000c000   00002000  00000000  00002000  RWIX
  RAML6                 0000e000   00002000  00000000  00002000  RWIX
  RAML7                 00010000   00002000  00000000  00002000  RWIX
  RAML8                 00012000   00002000  00000000  00002000  RWIX
  USB_RAM               00040000   00000800  00000000  00000800  RWIX
  PARTID                003d7e80   00000001  00000001  00000000  RWIX
  FLASHB                003f0000   00004000  00000000  00004000  RWIX
  CSM_PWL               003f7ff8   00000008  00000008  00000000  RWIX


SECTION ALLOCATION MAP

 output                                  attributes/
section   page    origin      length       input sections
--------  ----  ----------  ----------   ----------------
ramfuncs   0    003e8000    0000016f     RUN ADDR = 00008000
                  003e8000    0000005a     rts2800_ml.lib : fs_mpy.obj (.text)
                  003e805a    0000001e     SFRA_IQ_Lib.lib : SFRA_IQ_INJECT.obj (.text)
                  003e8078    00000045                     : SFRA_IQ_COLLECT.obj (.text)
                  003e80bd    00000093     Buck_VMC-DPL.obj (ramfuncs)
                  003e8150    0000001b     Buck_VMC-DevInit_F2806x.obj (ramfuncs)
                  003e816b    00000004     F2806x_usDelay.obj (ramfuncs)

.text      0    003f4000    000011cd     
                  003f4000    00000457     Buck_VMC-Main.obj (.text)
                  003f4457    000002f4     SciCommsGui_32bit.obj (.text)
                  003f474b    000001e9     SFRA_IQ_Lib.lib : SFRA_IQ_BACKGROUND.obj (.text)
                  003f4934    000001c4     ADC_SOC_Cnf.obj (.text)
                  003f4af8    000001ad     Buck_VMC-DevInit_F2806x.obj (.text)
                  003f4ca5    00000133     PWM_1ch_UpCntDB_ActivHIC_Cnf.obj (.text)
                  003f4dd8    0000008e     SFRA_IQ_Lib.lib : SFRA_IQ_INIT.obj (.text)
                  003f4e66    00000083     rts2800_ml.lib : fd_mpy.obj (.text)
                  003f4ee9    00000083                    : fs_div.obj (.text)
                  003f4f6c    0000007c     DAC_Cnf.obj (.text)
                  003f4fe8    00000078     rts2800_ml.lib : fs_add.obj (.text)
                  003f5060    00000044                    : boot.obj (.text)
                  003f50a4    0000003b     Buck_VMC-DPL.obj (.text)
                  003f50df    0000002a     rts2800_ml.lib : l_div.obj (.text)
                  003f5109    00000022     Buck_VMC-Main.obj (.text:retain)
                  003f512b    0000001f     rts2800_ml.lib : fd_tol.obj (.text)
                  003f514a    0000001c                    : fs_tofd.obj (.text)
                  003f5166    0000001a                    : l_tofs.obj (.text)
                  003f5180    00000019                    : args_main.obj (.text)
                  003f5199    00000019                    : exit.obj (.text)
                  003f51b2    00000009                    : _lock.obj (.text)
                  003f51bb    00000008     F2806x_CodeStartBranch.obj (.text)
                  003f51c3    00000005     Buck_VMC-DevInit_F2806x.obj (.text:retain)
                  003f51c8    00000005     rts2800_ml.lib : fs_neg.obj (.text)

IQmath     0    003f51cd    0000018c     
                  003f51cd    0000009d     IQmath.lib : IQ16log.obj (IQmath)
                  003f526a    0000007b                : IQ16atan2.obj (IQmath)
                  003f52e5    00000060                : IQ16mag.obj (IQmath)
                  003f5345    00000014                : IQ16toF.obj (IQmath)

.cinit     0    003f5359    000000dc     
                  003f5359    000000c6     Buck_VMC-Main.obj (.cinit)
                  003f541f    0000000a     rts2800_ml.lib : exit.obj (.cinit)
                  003f5429    00000005                    : _lock.obj (.cinit:__lock)
                  003f542e    00000005                    : _lock.obj (.cinit:__unlock)
                  003f5433    00000002     --HOLE-- [fill = 0]

.pinit     0    003f4000    00000000     UNINITIALIZED

.econst    0    003f5436    00000008     
                  003f5436    00000008     SFRA_IQ_Lib.lib : SFRA_IQ_BACKGROUND.obj (.econst)

codestart 
*          0    003f7ff6    00000002     
                  003f7ff6    00000002     F2806x_CodeStartBranch.obj (codestart)

Cla1Prog   1    00009000    00000000     UNINITIALIZED

IQmathTables 
*          0    003fdc30    00000b50     NOLOAD SECTION
                  003fdc30    00000b50     IQmath.lib : IQmathTables.obj (IQmathTables)

.stack     1    00000050    00000080     UNINITIALIZED
                  00000050    00000080     --HOLE--

.ebss      1    0000a000    00000720     UNINITIALIZED
                  0000a000    00000688     Buck_VMC-Main.obj (.ebss)
                  0000a688    00000004     rts2800_ml.lib : exit.obj (.ebss)
                  0000a68c    00000002     SFRA_IQ_Lib.lib : SFRA_IQ_INIT.obj (.ebss)
                  0000a68e    00000002     rts2800_ml.lib : _lock.obj (.ebss:__lock)
                  0000a690    00000002                    : _lock.obj (.ebss:__unlock)
                  0000a692    0000002e     --HOLE--
                  0000a6c0    00000060     SciCommsGui_32bit.obj (.ebss)

.reset     0    003fffc0    00000002     DSECT
                  003fffc0    00000002     rts2800_ml.lib : boot.obj (.reset)

vectors    0    003fffc2    00000000     DSECT

CNTL_2P2Z_Section 
*          1    00008990    00000012     UNINITIALIZED
                  00008990    00000012     Buck_VMC-DPL.obj (CNTL_2P2Z_Section)

CNTL_2P2Z_Coef 
*          1    000089a2    00000010     UNINITIALIZED
                  000089a2    00000010     Buck_VMC-Main.obj (CNTL_2P2Z_Coef)

ADCDRV_1ch_Section 
*          1    000089bc    00000002     UNINITIALIZED
                  000089bc    00000002     Buck_VMC-DPL.obj (ADCDRV_1ch_Section)

DLOG_BUFF 
*          1    00008800    00000190     UNINITIALIZED
                  00008800    00000190     Buck_VMC-Main.obj (DLOG_BUFF)

PWMDRV_1ch_Section 
*          1    000089b8    00000004     UNINITIALIZED
                  000089b8    00000004     Buck_VMC-DPL.obj (PWMDRV_1ch_Section)

DLOG_1ch_Section 
*          1    000089e0    0000000f     UNINITIALIZED
                  000089e0    0000000f     Buck_VMC-DPL.obj (DLOG_1ch_Section)

ZeroNet_Section 
*          1    000089b2    00000006     UNINITIALIZED
                  000089b2    00000006     Buck_VMC-DPL.obj (ZeroNet_Section)

SFRA_IQ_Data 
*          1    000089c0    00000020     UNINITIALIZED
                  000089c0    00000020     SFRA_IQ_Lib.lib : SFRA_IQ_INIT.obj (SFRA_IQ_Data)

DevEmuRegsFile 
*          1    00000880    00000004     UNINITIALIZED
                  00000880    00000004     F2806x_GlobalVariableDefs.obj (DevEmuRegsFile)

SysPwrCtrlRegsFile 
*          1    00000985    00000003     UNINITIALIZED
                  00000985    00000003     F2806x_GlobalVariableDefs.obj (SysPwrCtrlRegsFile)

FlashRegsFile 
*          1    00000a80    00000008     UNINITIALIZED
                  00000a80    00000008     F2806x_GlobalVariableDefs.obj (FlashRegsFile)

CsmRegsFile 
*          1    00000ae0    00000010     UNINITIALIZED
                  00000ae0    00000010     F2806x_GlobalVariableDefs.obj (CsmRegsFile)

AdcResultFile 
*          1    00000b00    00000010     UNINITIALIZED
                  00000b00    00000010     F2806x_GlobalVariableDefs.obj (AdcResultFile)

CpuTimer0RegsFile 
*          1    00000c00    00000008     UNINITIALIZED
                  00000c00    00000008     F2806x_GlobalVariableDefs.obj (CpuTimer0RegsFile)

CpuTimer1RegsFile 
*          1    00000c08    00000008     UNINITIALIZED
                  00000c08    00000008     F2806x_GlobalVariableDefs.obj (CpuTimer1RegsFile)

CpuTimer2RegsFile 
*          1    00000c10    00000008     UNINITIALIZED
                  00000c10    00000008     F2806x_GlobalVariableDefs.obj (CpuTimer2RegsFile)

PieCtrlRegsFile 
*          1    00000ce0    0000001a     UNINITIALIZED
                  00000ce0    0000001a     F2806x_GlobalVariableDefs.obj (PieCtrlRegsFile)

PieVectTableFile 
*          1    00000d00    00000100     UNINITIALIZED
                  00000d00    00000100     F2806x_GlobalVariableDefs.obj (PieVectTableFile)

EmuKeyVar 
*          1    00000d00    00000001     UNINITIALIZED
                  00000d00    00000001     F2806x_GlobalVariableDefs.obj (EmuKeyVar)

EmuBModeVar 
*          1    00000d01    00000001     UNINITIALIZED
                  00000d01    00000001     F2806x_GlobalVariableDefs.obj (EmuBModeVar)

FlashCallbackVar 
*          1    00000d02    00000002     UNINITIALIZED
                  00000d02    00000002     F2806x_GlobalVariableDefs.obj (FlashCallbackVar)

FlashScalingVar 
*          1    00000d04    00000002     UNINITIALIZED
                  00000d04    00000002     F2806x_GlobalVariableDefs.obj (FlashScalingVar)

DmaRegsFile 
*          1    00001000    000000e0     UNINITIALIZED
                  00001000    000000e0     F2806x_GlobalVariableDefs.obj (DmaRegsFile)

Cla1RegsFile 
*          1    00001400    00000040     UNINITIALIZED
                  00001400    00000040     F2806x_GlobalVariableDefs.obj (Cla1RegsFile)

Usb0RegsFile 
*          1    00004000    00000454     UNINITIALIZED
                  00004000    00000454     F2806x_GlobalVariableDefs.obj (Usb0RegsFile)

McbspaRegsFile 
*          1    00005000    00000024     UNINITIALIZED
                  00005000    00000024     F2806x_GlobalVariableDefs.obj (McbspaRegsFile)

ECanaRegsFile 
*          1    00006000    00000034     UNINITIALIZED
                  00006000    00000034     F2806x_GlobalVariableDefs.obj (ECanaRegsFile)

ECanaLAMRegsFile 
*          1    00006040    00000040     UNINITIALIZED
                  00006040    00000040     F2806x_GlobalVariableDefs.obj (ECanaLAMRegsFile)

ECanaMOTSRegsFile 
*          1    00006080    00000040     UNINITIALIZED
                  00006080    00000040     F2806x_GlobalVariableDefs.obj (ECanaMOTSRegsFile)

ECanaMOTORegsFile 
*          1    000060c0    00000040     UNINITIALIZED
                  000060c0    00000040     F2806x_GlobalVariableDefs.obj (ECanaMOTORegsFile)

ECanaMboxesFile 
*          1    00006100    00000100     UNINITIALIZED
                  00006100    00000100     F2806x_GlobalVariableDefs.obj (ECanaMboxesFile)

Comp1RegsFile 
*          1    00006400    00000014     UNINITIALIZED
                  00006400    00000014     F2806x_GlobalVariableDefs.obj (Comp1RegsFile)

Comp2RegsFile 
*          1    00006420    00000014     UNINITIALIZED
                  00006420    00000014     F2806x_GlobalVariableDefs.obj (Comp2RegsFile)

Comp3RegsFile 
*          1    00006440    00000014     UNINITIALIZED
                  00006440    00000014     F2806x_GlobalVariableDefs.obj (Comp3RegsFile)

EPwm1RegsFile 
*          1    00006800    00000040     UNINITIALIZED
                  00006800    00000040     F2806x_GlobalVariableDefs.obj (EPwm1RegsFile)

EPwm2RegsFile 
*          1    00006840    00000040     UNINITIALIZED
                  00006840    00000040     F2806x_GlobalVariableDefs.obj (EPwm2RegsFile)

EPwm3RegsFile 
*          1    00006880    00000040     UNINITIALIZED
                  00006880    00000040     F2806x_GlobalVariableDefs.obj (EPwm3RegsFile)

EPwm4RegsFile 
*          1    000068c0    00000040     UNINITIALIZED
                  000068c0    00000040     F2806x_GlobalVariableDefs.obj (EPwm4RegsFile)

EPwm5RegsFile 
*          1    00006900    00000040     UNINITIALIZED
                  00006900    00000040     F2806x_GlobalVariableDefs.obj (EPwm5RegsFile)

EPwm6RegsFile 
*          1    00006940    00000040     UNINITIALIZED
                  00006940    00000040     F2806x_GlobalVariableDefs.obj (EPwm6RegsFile)

EPwm7RegsFile 
*          1    00006980    00000040     UNINITIALIZED
                  00006980    00000040     F2806x_GlobalVariableDefs.obj (EPwm7RegsFile)

EPwm8RegsFile 
*          1    000069c0    00000040     UNINITIALIZED
                  000069c0    00000040     F2806x_GlobalVariableDefs.obj (EPwm8RegsFile)

ECap1RegsFile 
*          1    00006a00    00000020     UNINITIALIZED
                  00006a00    00000020     F2806x_GlobalVariableDefs.obj (ECap1RegsFile)

ECap2RegsFile 
*          1    00006a20    00000020     UNINITIALIZED
                  00006a20    00000020     F2806x_GlobalVariableDefs.obj (ECap2RegsFile)

ECap3RegsFile 
*          1    00006a40    00000020     UNINITIALIZED
                  00006a40    00000020     F2806x_GlobalVariableDefs.obj (ECap3RegsFile)

HRCap1RegsFile 
*          1    00006ac0    00000020     UNINITIALIZED
                  00006ac0    00000020     F2806x_GlobalVariableDefs.obj (HRCap1RegsFile)

HRCap2RegsFile 
*          1    00006ae0    00000020     UNINITIALIZED
                  00006ae0    00000020     F2806x_GlobalVariableDefs.obj (HRCap2RegsFile)

EQep1RegsFile 
*          1    00006b00    00000022     UNINITIALIZED
                  00006b00    00000022     F2806x_GlobalVariableDefs.obj (EQep1RegsFile)

EQep2RegsFile 
*          1    00006b40    00000022     UNINITIALIZED
                  00006b40    00000022     F2806x_GlobalVariableDefs.obj (EQep2RegsFile)

HRCap3RegsFile 
*          1    00006c80    00000020     UNINITIALIZED
                  00006c80    00000020     F2806x_GlobalVariableDefs.obj (HRCap3RegsFile)

HRCap4RegsFile 
*          1    00006ca0    00000020     UNINITIALIZED
                  00006ca0    00000020     F2806x_GlobalVariableDefs.obj (HRCap4RegsFile)

GpioCtrlRegsFile 
*          1    00006f80    00000040     UNINITIALIZED
                  00006f80    00000040     F2806x_GlobalVariableDefs.obj (GpioCtrlRegsFile)

GpioDataRegsFile 
*          1    00006fc0    00000020     UNINITIALIZED
                  00006fc0    00000020     F2806x_GlobalVariableDefs.obj (GpioDataRegsFile)

GpioIntRegsFile 
*          1    00006fe0    00000020     UNINITIALIZED
                  00006fe0    00000020     F2806x_GlobalVariableDefs.obj (GpioIntRegsFile)

SysCtrlRegsFile 
*          1    00007010    00000030     UNINITIALIZED
                  00007010    00000030     F2806x_GlobalVariableDefs.obj (SysCtrlRegsFile)

SpiaRegsFile 
*          1    00007040    00000010     UNINITIALIZED
                  00007040    00000010     F2806x_GlobalVariableDefs.obj (SpiaRegsFile)

SciaRegsFile 
*          1    00007050    00000010     UNINITIALIZED
                  00007050    00000010     F2806x_GlobalVariableDefs.obj (SciaRegsFile)

NmiIntruptRegsFile 
*          1    00007060    00000010     UNINITIALIZED
                  00007060    00000010     F2806x_GlobalVariableDefs.obj (NmiIntruptRegsFile)

XIntruptRegsFile 
*          1    00007070    00000010     UNINITIALIZED
                  00007070    00000010     F2806x_GlobalVariableDefs.obj (XIntruptRegsFile)

AdcRegsFile 
*          1    00007100    00000050     UNINITIALIZED
                  00007100    00000050     F2806x_GlobalVariableDefs.obj (AdcRegsFile)

SpibRegsFile 
*          1    00007740    00000010     UNINITIALIZED
                  00007740    00000010     F2806x_GlobalVariableDefs.obj (SpibRegsFile)

ScibRegsFile 
*          1    00007750    00000010     UNINITIALIZED
                  00007750    00000010     F2806x_GlobalVariableDefs.obj (ScibRegsFile)

I2caRegsFile 
*          1    00007900    00000022     UNINITIALIZED
                  00007900    00000022     F2806x_GlobalVariableDefs.obj (I2caRegsFile)

PartIdRegsFile 
*          1    003d7e80    00000001     UNINITIALIZED
                  003d7e80    00000001     F2806x_GlobalVariableDefs.obj (PartIdRegsFile)

CsmPwlFile 
*          1    003f7ff8    00000008     UNINITIALIZED
                  003f7ff8    00000008     F2806x_GlobalVariableDefs.obj (CsmPwlFile)

xdc.meta   0    00000000    00000000     COPY SECTION


GLOBAL DATA SYMBOLS: SORTED BY DATA PAGE

address     data page           name
--------    ----------------    ----
00000050       1 (00000040)     __stack

00000880      22 (00000880)     _DevEmuRegs

00000985      26 (00000980)     _SysPwrCtrlRegs

00000a80      2a (00000a80)     _FlashRegs

00000ae0      2b (00000ac0)     _CsmRegs

00000b00      2c (00000b00)     _AdcResult

00000c00      30 (00000c00)     _CpuTimer0Regs
00000c08      30 (00000c00)     _CpuTimer1Regs
00000c10      30 (00000c00)     _CpuTimer2Regs

00000ce0      33 (00000cc0)     _PieCtrlRegs

00000d00      34 (00000d00)     _EmuKey
00000d00      34 (00000d00)     _PieVectTable
00000d01      34 (00000d00)     _EmuBMode
00000d02      34 (00000d00)     _Flash_CallbackPtr
00000d04      34 (00000d00)     _Flash_CPUScaleFactor

00001000      40 (00001000)     _DmaRegs

00001400      50 (00001400)     _Cla1Regs

00004000     100 (00004000)     _Usb0Regs

00005000     140 (00005000)     _McbspaRegs

00006000     180 (00006000)     _ECanaRegs

00006040     181 (00006040)     _ECanaLAMRegs

00006080     182 (00006080)     _ECanaMOTSRegs

000060c0     183 (000060c0)     _ECanaMOTORegs

00006100     184 (00006100)     _ECanaMboxes

00006400     190 (00006400)     _Comp1Regs
00006420     190 (00006400)     _Comp2Regs

00006440     191 (00006440)     _Comp3Regs

00006800     1a0 (00006800)     _EPwm1Regs

00006840     1a1 (00006840)     _EPwm2Regs

00006880     1a2 (00006880)     _EPwm3Regs

000068c0     1a3 (000068c0)     _EPwm4Regs

00006900     1a4 (00006900)     _EPwm5Regs

00006940     1a5 (00006940)     _EPwm6Regs

00006980     1a6 (00006980)     _EPwm7Regs

000069c0     1a7 (000069c0)     _EPwm8Regs

00006a00     1a8 (00006a00)     _ECap1Regs
00006a20     1a8 (00006a00)     _ECap2Regs

00006a40     1a9 (00006a40)     _ECap3Regs

00006ac0     1ab (00006ac0)     _HRCap1Regs
00006ae0     1ab (00006ac0)     _HRCap2Regs

00006b00     1ac (00006b00)     _EQep1Regs

00006b40     1ad (00006b40)     _EQep2Regs

00006c80     1b2 (00006c80)     _HRCap3Regs
00006ca0     1b2 (00006c80)     _HRCap4Regs

00006f80     1be (00006f80)     _GpioCtrlRegs

00006fc0     1bf (00006fc0)     _GpioDataRegs
00006fe0     1bf (00006fc0)     _GpioIntRegs

00007010     1c0 (00007000)     _SysCtrlRegs

00007040     1c1 (00007040)     _SpiaRegs
00007050     1c1 (00007040)     _SciaRegs
00007060     1c1 (00007040)     _NmiIntruptRegs
00007070     1c1 (00007040)     _XIntruptRegs

00007100     1c4 (00007100)     _AdcRegs

00007740     1dd (00007740)     _SpibRegs
00007750     1dd (00007740)     _ScibRegs

00007900     1e4 (00007900)     _I2caRegs

00008800     220 (00008800)     _DBUFF1

00008990     226 (00008980)     _CNTL_2P2Z_Ref1
00008992     226 (00008980)     _CNTL_2P2Z_Fdbk1
00008994     226 (00008980)     _CNTL_2P2Z_Out1
00008996     226 (00008980)     _CNTL_2P2Z_Coef1
00008998     226 (00008980)     _CNTL_2P2Z_DBUFF1
000089a2     226 (00008980)     _CNTL_2P2Z_CoefStruct1
000089b8     226 (00008980)     _PWMDRV_1ch_Duty4
000089ba     226 (00008980)     _PWMDRV_1ch_Period4
000089bc     226 (00008980)     _ADCDRV_1ch_Rlt1

000089c0     227 (000089c0)     _SFRA_IQ_preCount
000089c1     227 (000089c0)     _SFRA_IQ_state
000089c2     227 (000089c0)     _SFRA_IQ_windowSamples
000089c3     227 (000089c0)     _SFRA_IQ_count
000089c4     227 (000089c0)     _SFRA_IQ_StateSlew
000089c6     227 (000089c0)     _SFRA_IQ_amplitude
000089c8     227 (000089c0)     _SFRA_IQ_Q22_Q16Round
000089ca     227 (000089c0)     _SFRA_IQ_pointer
000089cc     227 (000089c0)     _SFRA_IQ_step
000089ce     227 (000089c0)     _SFRA_IQ_uCosSum
000089d0     227 (000089c0)     _SFRA_IQ_ySinSum
000089d2     227 (000089c0)     _SFRA_IQ_rCosSum
000089d4     227 (000089c0)     _SFRA_IQ_uSinSum
000089d6     227 (000089c0)     _SFRA_IQ_rSinSum
000089d8     227 (000089c0)     _SFRA_IQ_reference
000089da     227 (000089c0)     _SFRA_IQ_tableptr
000089dc     227 (000089c0)     _SFRA_IQ_tableptrStart
000089de     227 (000089c0)     _SFRA_IQ_yCosSum
000089e0     227 (000089c0)     _DLOG_1ch_Input1
000089e2     227 (000089c0)     _DLOG_1ch_OutputBuff1
000089e4     227 (000089c0)     _DLOG_1ch_TrigVal1
000089e8     227 (000089c0)     _DLOG_1ch_PreScalar1
000089ea     227 (000089c0)     _DLOG_1ch_Size1

0000a000     280 (0000a000)     _FaultFlg1
0000a001     280 (0000a000)     _ClearFault1
0000a002     280 (0000a000)     _CommsOKflg
0000a003     280 (0000a000)     _SerialCommsTimer
0000a004     280 (0000a000)     _Continuous_ON
0000a005     280 (0000a000)     _Start_Flag
0000a006     280 (0000a000)     _Active_LD1_EN
0000a007     280 (0000a000)     _Active_load_PRD
0000a008     280 (0000a000)     _Pgain1_Gui
0000a009     280 (0000a000)     _Igain1_Gui
0000a00a     280 (0000a000)     _Itrip1
0000a00b     280 (0000a000)     _coeff_change
0000a00c     280 (0000a000)     _No_2p2z
0000a00d     280 (0000a000)     _Dgain1_Gui
0000a00e     280 (0000a000)     _pid2p2z_Gui
0000a00f     280 (0000a000)     _Gui_VSet1
0000a010     280 (0000a000)     _Gui_dlog_trig1
0000a011     280 (0000a000)     _Gui_Vout1
0000a012     280 (0000a000)     _Gui_Vin
0000a013     280 (0000a000)     _Gui_IL1
0000a014     280 (0000a000)     _K_IL1
0000a015     280 (0000a000)     _K_Vin
0000a016     280 (0000a000)     _K_Vout1
0000a017     280 (0000a000)     _Gui_ItripSet
0000a018     280 (0000a000)     _iK_IL1
0000a019     280 (0000a000)     _LedBlinkCnt
0000a01a     280 (0000a000)     _i
0000a01b     280 (0000a000)     _initializationFlag
0000a01c     280 (0000a000)     _iK_Vout1
0000a01e     280 (0000a000)     _temp_Scratch
0000a020     280 (0000a000)     _Vref1
0000a022     280 (0000a000)     _HistPtr
0000a024     280 (0000a000)     _Duty1A_Set
0000a026     280 (0000a000)     _temp
0000a028     280 (0000a000)     _Duty1A
0000a02a     280 (0000a000)     _Vout1SetSlewed
0000a02c     280 (0000a000)     _Duty1ASetSlewed
0000a02e     280 (0000a000)     _Vout1_slew_temp
0000a030     280 (0000a000)     _Duty1ASlewRate
0000a032     280 (0000a000)     _Vout_Ref_wInj
0000a034     280 (0000a000)     _Duty1A_slew_temp
0000a036     280 (0000a000)     _Dgain1
0000a038     280 (0000a000)     _Dmax1
0000a03a     280 (0000a000)     _Pgain1
0000a03c     280 (0000a000)     _Vout1_dlog
0000a03e     280 (0000a000)     _Vout1SlewRate

0000a040     281 (0000a040)     _Igain1
0000a042     281 (0000a040)     _Adc_Vout1
0000a044     281 (0000a040)     _A_Task_Ptr
0000a046     281 (0000a040)     _B_Task_Ptr
0000a048     281 (0000a040)     _Alpha_State_Ptr
0000a04a     281 (0000a040)     _C_Task_Ptr
0000a04c     281 (0000a040)     _VTimer1
0000a050     281 (0000a040)     _VTimer2
0000a054     281 (0000a040)     _VTimer0
0000a058     281 (0000a040)     _Hist_Vout1
0000a060     281 (0000a040)     _Hist_IL2
0000a068     281 (0000a040)     _Hist_Vin
0000a070     281 (0000a040)     _Comp
0000a078     281 (0000a040)     _Hist_IL1

0000a080     282 (0000a080)     _Hist_Vout2
0000a088     282 (0000a080)     _ACQPS
0000a098     282 (0000a080)     _ChSel
0000a0a8     282 (0000a080)     _TrigSel

0000a0c0     283 (0000a0c0)     _ePWM
0000a0d2     283 (0000a0c0)     _SFRA1

0000a100     284 (0000a100)     _dataSetList
0000a120     284 (0000a100)     _varSetTxtList

0000a140     285 (0000a140)     _varSetSldrList
0000a160     285 (0000a140)     _varSetBtnList

0000a180     286 (0000a180)     _arrayGetList
0000a1a0     286 (0000a180)     _varGetList

0000a1c0     287 (0000a1c0)     _Plant_PhaseVect

0000a2c0     28b (0000a2c0)     _Plant_MagVect

0000a3c0     28f (0000a3c0)     _OL_PhaseVect

0000a4c0     293 (0000a4c0)     _OL_MagVect

0000a5c0     297 (0000a5c0)     _FreqVect

0000a688     29a (0000a680)     ___TI_cleanup_ptr
0000a68a     29a (0000a680)     ___TI_dtors_ptr
0000a68c     29a (0000a680)     _SFRA_IQ_BromSineTableStart
0000a68e     29a (0000a680)     __lock
0000a690     29a (0000a680)     __unlock

0000a6c0     29b (0000a6c0)     _dataOut16
0000a6c1     29b (0000a6c0)     _RcvTskPtrShdw
0000a6c2     29b (0000a6c0)     _NumWords
0000a6c3     29b (0000a6c0)     _wordsLeftToGet
0000a6c4     29b (0000a6c0)     _MemGetPtr
0000a6c5     29b (0000a6c0)     _delayer
0000a6c6     29b (0000a6c0)     _MemSetPtr
0000a6c7     29b (0000a6c0)     _MemGetAmount
0000a6c8     29b (0000a6c0)     _TaskDoneFlag
0000a6c9     29b (0000a6c0)     _RxWord
0000a6ca     29b (0000a6c0)     _LowByteFlag
0000a6cb     29b (0000a6c0)     _RxChar
0000a6cc     29b (0000a6c0)     _SendTaskPtr
0000a6ce     29b (0000a6c0)     _Temp
0000a6d0     29b (0000a6c0)     _MemSetValue
0000a6d2     29b (0000a6c0)     _MemGetAddress
0000a6d4     29b (0000a6c0)     _memDataPtr16
0000a6d6     29b (0000a6c0)     _dataOut32
0000a6d8     29b (0000a6c0)     _RcvTaskPointer
0000a6da     29b (0000a6c0)     _memDataPtr32
0000a6dc     29b (0000a6c0)     _CmdPacket

0000a700     29c (0000a700)     _CmdDispatcher

003d7e80    f5fa (003d7e80)     _PartIdRegs

003f51cd    fd47 (003f51c0)     __IQ16log

003f526a    fd49 (003f5240)     __IQ16atan2

003f52e5    fd4b (003f52c0)     __IQ16mag

003f5345    fd4d (003f5340)     __IQ16toF

003f7ff8    fdff (003f7fc0)     _CsmPwl

003fdc30    ff70 (003fdc00)     _IQsinTable

003fdd30    ff74 (003fdd00)     _IQcosTable

003fe030    ff80 (003fe000)     _IQsinTableEnd

003fe132    ff84 (003fe100)     _IQcosTableEnd
003fe132    ff84 (003fe100)     _IQdivRoundSatTable

003fe140    ff85 (003fe140)     _IQdivTable

003fe342    ff8d (003fe340)     _IQdivTableEnd
003fe342    ff8d (003fe340)     _IQisqrtRoundSatTable
003fe342    ff8d (003fe340)     _IQsqrtRoundSatTable
003fe352    ff8d (003fe340)     _IQisqrtTable
003fe352    ff8d (003fe340)     _IQsqrtTable

003fe454    ff91 (003fe440)     _IQatan2HalfPITable
003fe454    ff91 (003fe440)     _IQisqrtTableEnd
003fe454    ff91 (003fe440)     _IQsqrtTableEnd

003fe492    ff92 (003fe480)     _IQatan2Table

003fe618    ff98 (003fe600)     _IQ30mpyRndSatTable
003fe618    ff98 (003fe600)     _IQatan2TableEnd
003fe618    ff98 (003fe600)     _IQmpyRndSatTable
003fe624    ff98 (003fe600)     _IQ29mpyRndSatTable
003fe630    ff98 (003fe600)     _IQ28mpyRndSatTable
003fe63c    ff98 (003fe600)     _IQ27mpyRndSatTable

003fe648    ff99 (003fe640)     _IQ26mpyRndSatTable
003fe654    ff99 (003fe640)     _IQ25mpyRndSatTable
003fe660    ff99 (003fe640)     _IQ24mpyRndSatTable
003fe66c    ff99 (003fe640)     _IQ23mpyRndSatTable
003fe678    ff99 (003fe640)     _IQ22mpyRndSatTable

003fe684    ff9a (003fe680)     _IQ21mpyRndSatTable
003fe690    ff9a (003fe680)     _IQ20mpyRndSatTable
003fe69c    ff9a (003fe680)     _IQ19mpyRndSatTable
003fe6a8    ff9a (003fe680)     _IQ18mpyRndSatTable
003fe6b4    ff9a (003fe680)     _IQ17mpyRndSatTable

003fe6c0    ff9b (003fe6c0)     _IQ16mpyRndSatTable
003fe6cc    ff9b (003fe6c0)     _IQ15mpyRndSatTable
003fe6d8    ff9b (003fe6c0)     _IQ14mpyRndSatTable
003fe6e4    ff9b (003fe6c0)     _IQ13mpyRndSatTable
003fe6f0    ff9b (003fe6c0)     _IQ12mpyRndSatTable
003fe6fc    ff9b (003fe6c0)     _IQ11mpyRndSatTable

003fe708    ff9c (003fe700)     _IQ10mpyRndSatTable
003fe714    ff9c (003fe700)     _IQ9mpyRndSatTable
003fe720    ff9c (003fe700)     _IQ8mpyRndSatTable
003fe72c    ff9c (003fe700)     _IQ7mpyRndSatTable
003fe738    ff9c (003fe700)     _IQ6mpyRndSatTable

003fe744    ff9d (003fe740)     _IQ5mpyRndSatTable
003fe750    ff9d (003fe740)     _IQ4mpyRndSatTable
003fe75c    ff9d (003fe740)     _IQ3mpyRndSatTable
003fe768    ff9d (003fe740)     _IQ2mpyRndSatTable
003fe774    ff9d (003fe740)     _IQ1mpyRndSatTable

003fe780    ff9e (003fe780)     _IQmpyRndSatTableEnd


GLOBAL SYMBOLS: SORTED ALPHABETICALLY BY Name 

page  address   name                         
----  -------   ----                         
0     003f4000  .text                        
0     003f5199  C$$EXIT                      
0     003f4e66  FD$$MPY                      
0     003f512b  FD$$TOL                      
0     003f4fed  FS$$ADD                      
0     003f4ee9  FS$$DIV                      
0     00008000  FS$$MPY                      
0     003f51c8  FS$$NEG                      
0     003f4fe8  FS$$SUB                      
0     003f514a  FS$$TOFD                     
0     003f50df  L$$DIV                       
0     003f50ee  L$$MOD                       
0     003f5166  L$$TOFS                      
0     003f50fc  UL$$DIV                      
0     003f5103  UL$$MOD                      
0     003f4226  _A0                          
0     003f426b  _A1                          
0     003f42ed  _A2                          
0     003f430d  _A3                          
0     003f433b  _A4                          
1     0000a088  _ACQPS                       
1     000089bc  _ADCDRV_1ch_Rlt1             
0     003f4934  _ADC_SOC_CNF                 
1     0000a044  _A_Task_Ptr                  
1     0000a006  _Active_LD1_EN               
1     0000a007  _Active_load_PRD             
1     00007100  _AdcRegs                     
1     00000b00  _AdcResult                   
1     0000a042  _Adc_Vout1                   
1     0000a048  _Alpha_State_Ptr             
0     003f4626  _ArrayGet                    
0     003f423f  _B0                          
0     003f4341  _B1                          
0     003f43d2  _B2                          
0     003f43e6  _B3                          
0     003f43f0  _B4                          
1     0000a046  _B_Task_Ptr                  
0     003f4605  _ButtonSet                   
0     003f4255  _C0                          
0     003f43f6  _C1                          
0     003f4420  _C2                          
0     003f4435  _C3                          
0     003f4451  _C4                          
1     00008996  _CNTL_2P2Z_Coef1             
1     000089a2  _CNTL_2P2Z_CoefStruct1       
1     00008998  _CNTL_2P2Z_DBUFF1            
1     00008992  _CNTL_2P2Z_Fdbk1             
1     00008994  _CNTL_2P2Z_Out1              
1     00008990  _CNTL_2P2Z_Ref1              
1     0000a04a  _C_Task_Ptr                  
1     0000a098  _ChSel                       
1     00001400  _Cla1Regs                    
1     00009000  _Cla1funcsLoadEnd            
1     00009000  _Cla1funcsLoadStart          
1     00009000  _Cla1funcsRunStart           
1     0000a001  _ClearFault1                 
1     0000a700  _CmdDispatcher               
0     003f45a3  _CmdInterpreter              
1     0000a6dc  _CmdPacket                   
1     0000a002  _CommsOKflg                  
1     0000a070  _Comp                        
1     00006400  _Comp1Regs                   
1     00006420  _Comp2Regs                   
1     00006440  _Comp3Regs                   
1     0000a004  _Continuous_ON               
1     00000c00  _CpuTimer0Regs               
1     00000c08  _CpuTimer1Regs               
1     00000c10  _CpuTimer2Regs               
1     003f7ff8  _CsmPwl                      
1     00000ae0  _CsmRegs                     
1     00008800  _DBUFF1                      
1     000089e0  _DLOG_1ch_Input1             
1     000089e2  _DLOG_1ch_OutputBuff1        
1     000089e8  _DLOG_1ch_PreScalar1         
1     000089ea  _DLOG_1ch_Size1              
1     000089e4  _DLOG_1ch_TrigVal1           
0     000080bd  _DPL_Func                    
0     003f5109  _DPL_ISR_wFRA                
0     003f50a4  _DPL_Init                    
0     0000816b  _DSP28x_usDelay              
0     003f4f6c  _DacDrvCnf                   
0     003f4629  _DataGet                     
0     003f4650  _DataSet32                   
1     00000880  _DevEmuRegs                  
0     003f4af8  _DeviceInit                  
1     0000a036  _Dgain1                      
1     0000a00d  _Dgain1_Gui                  
1     00001000  _DmaRegs                     
1     0000a038  _Dmax1                       
1     0000a028  _Duty1A                      
1     0000a02c  _Duty1ASetSlewed             
1     0000a030  _Duty1ASlewRate              
1     0000a024  _Duty1A_Set                  
1     0000a034  _Duty1A_slew_temp            
1     00006040  _ECanaLAMRegs                
1     000060c0  _ECanaMOTORegs               
1     00006080  _ECanaMOTSRegs               
1     00006100  _ECanaMboxes                 
1     00006000  _ECanaRegs                   
1     00006a00  _ECap1Regs                   
1     00006a20  _ECap2Regs                   
1     00006a40  _ECap3Regs                   
1     00006800  _EPwm1Regs                   
1     00006840  _EPwm2Regs                   
1     00006880  _EPwm3Regs                   
1     000068c0  _EPwm4Regs                   
1     00006900  _EPwm5Regs                   
1     00006940  _EPwm6Regs                   
1     00006980  _EPwm7Regs                   
1     000069c0  _EPwm8Regs                   
1     00006b00  _EQep1Regs                   
1     00006b40  _EQep2Regs                   
0     003f4502  _EchoCmdByte                 
0     003f4576  _EchoDataByte                
0     003f453c  _EchoSizeByte                
1     00000d01  _EmuBMode                    
1     00000d00  _EmuKey                      
1     0000a000  _FaultFlg1                   
1     00000a80  _FlashRegs                   
1     00000d04  _Flash_CPUScaleFactor        
1     00000d02  _Flash_CallbackPtr           
1     0000a5c0  _FreqVect                    
0     003f44c8  _GetCmdByte                  
0     003f4553  _GetDataByte                 
0     003f4519  _GetSizeByte                 
1     00006f80  _GpioCtrlRegs                
1     00006fc0  _GpioDataRegs                
1     00006fe0  _GpioIntRegs                 
1     0000a013  _Gui_IL1                     
1     0000a017  _Gui_ItripSet                
1     0000a00f  _Gui_VSet1                   
1     0000a012  _Gui_Vin                     
1     0000a011  _Gui_Vout1                   
1     0000a010  _Gui_dlog_trig1              
1     00006ac0  _HRCap1Regs                  
1     00006ae0  _HRCap2Regs                  
1     00006c80  _HRCap3Regs                  
1     00006ca0  _HRCap4Regs                  
1     0000a022  _HistPtr                     
1     0000a078  _Hist_IL1                    
1     0000a060  _Hist_IL2                    
1     0000a068  _Hist_Vin                    
1     0000a058  _Hist_Vout1                  
1     0000a080  _Hist_Vout2                  
1     00007900  _I2caRegs                    
0     003fe708  _IQ10mpyRndSatTable          
0     003fe6fc  _IQ11mpyRndSatTable          
0     003fe6f0  _IQ12mpyRndSatTable          
0     003fe6e4  _IQ13mpyRndSatTable          
0     003fe6d8  _IQ14mpyRndSatTable          
0     003fe6cc  _IQ15mpyRndSatTable          
0     003fe6c0  _IQ16mpyRndSatTable          
0     003fe6b4  _IQ17mpyRndSatTable          
0     003fe6a8  _IQ18mpyRndSatTable          
0     003fe69c  _IQ19mpyRndSatTable          
0     003fe774  _IQ1mpyRndSatTable           
0     003fe690  _IQ20mpyRndSatTable          
0     003fe684  _IQ21mpyRndSatTable          
0     003fe678  _IQ22mpyRndSatTable          
0     003fe66c  _IQ23mpyRndSatTable          
0     003fe660  _IQ24mpyRndSatTable          
0     003fe654  _IQ25mpyRndSatTable          
0     003fe648  _IQ26mpyRndSatTable          
0     003fe63c  _IQ27mpyRndSatTable          
0     003fe630  _IQ28mpyRndSatTable          
0     003fe624  _IQ29mpyRndSatTable          
0     003fe768  _IQ2mpyRndSatTable           
0     003fe618  _IQ30mpyRndSatTable          
0     003fe75c  _IQ3mpyRndSatTable           
0     003fe750  _IQ4mpyRndSatTable           
0     003fe744  _IQ5mpyRndSatTable           
0     003fe738  _IQ6mpyRndSatTable           
0     003fe72c  _IQ7mpyRndSatTable           
0     003fe720  _IQ8mpyRndSatTable           
0     003fe714  _IQ9mpyRndSatTable           
0     003fe454  _IQatan2HalfPITable          
0     003fe492  _IQatan2Table                
0     003fe618  _IQatan2TableEnd             
0     003fdd30  _IQcosTable                  
0     003fe132  _IQcosTableEnd               
0     003fe132  _IQdivRoundSatTable          
0     003fe140  _IQdivTable                  
0     003fe342  _IQdivTableEnd               
0     003fe342  _IQisqrtRoundSatTable        
0     003fe352  _IQisqrtTable                
0     003fe454  _IQisqrtTableEnd             
0     003fe618  _IQmpyRndSatTable            
0     003fe780  _IQmpyRndSatTableEnd         
0     003fdc30  _IQsinTable                  
0     003fe030  _IQsinTableEnd               
0     003fe342  _IQsqrtRoundSatTable         
0     003fe352  _IQsqrtTable                 
0     003fe454  _IQsqrtTableEnd              
0     003f51c3  _ISR_ILLEGAL                 
1     0000a040  _Igain1                      
1     0000a009  _Igain1_Gui                  
0     00008150  _InitFlash                   
1     0000a00a  _Itrip1                      
1     0000a014  _K_IL1                       
1     0000a015  _K_Vin                       
1     0000a016  _K_Vout1                     
1     0000a019  _LedBlinkCnt                 
0     003f45ca  _LifePulseTsk                
1     0000a6ca  _LowByteFlag                 
1     00005000  _McbspaRegs                  
0     003f4c90  _MemCopy                     
1     0000a6d2  _MemGetAddress               
1     0000a6c7  _MemGetAmount                
1     0000a6c4  _MemGetPtr                   
1     0000a6c6  _MemSetPtr                   
1     0000a6d0  _MemSetValue                 
1     00007060  _NmiIntruptRegs              
1     0000a00c  _No_2p2z                     
1     0000a6c2  _NumWords                    
1     0000a4c0  _OL_MagVect                  
1     0000a3c0  _OL_PhaseVect                
0     003f4c16  _PLLset                      
1     000089b8  _PWMDRV_1ch_Duty4            
1     000089ba  _PWMDRV_1ch_Period4          
0     003f4ca5  _PWM_1ch_UpCntDB_ActivHIC_CNF
0     003f4dbb  _PWM_1ch_UpCntDB_UpdateDB    
0     003f4589  _PackWord                    
1     003d7e80  _PartIdRegs                  
1     0000a03a  _Pgain1                      
1     0000a008  _Pgain1_Gui                  
0     003f4c50  _PieCntlInit                 
1     00000ce0  _PieCtrlRegs                 
1     00000d00  _PieVectTable                
0     003f4c6f  _PieVectTableInit            
1     0000a2c0  _Plant_MagVect               
1     0000a1c0  _Plant_PhaseVect             
0     003e816f  _RamfuncsLoadEnd             
0     003e8000  _RamfuncsLoadStart           
0     00008000  _RamfuncsRunStart            
1     0000a6d8  _RcvTaskPointer              
1     0000a6c1  _RcvTskPtrShdw               
1     0000a6cb  _RxChar                      
1     0000a6c9  _RxWord                      
0     003f4457  _SCIA_Init                   
1     0000a0d2  _SFRA1                       
0     003f474b  _SFRA_IQ_BACKGROUND          
1     0000a68c  _SFRA_IQ_BromSineTableStart  
0     00008078  _SFRA_IQ_COLLECT             
0     003f4dd8  _SFRA_IQ_INIT                
0     0000805a  _SFRA_IQ_INJECT              
1     000089c8  _SFRA_IQ_Q22_Q16Round        
1     000089c4  _SFRA_IQ_StateSlew           
1     000089c6  _SFRA_IQ_amplitude           
1     000089c3  _SFRA_IQ_count               
1     000089ca  _SFRA_IQ_pointer             
1     000089c0  _SFRA_IQ_preCount            
1     000089d2  _SFRA_IQ_rCosSum             
1     000089d6  _SFRA_IQ_rSinSum             
1     000089d8  _SFRA_IQ_reference           
1     000089c1  _SFRA_IQ_state               
1     000089cc  _SFRA_IQ_step                
1     000089da  _SFRA_IQ_tableptr            
1     000089dc  _SFRA_IQ_tableptrStart       
1     000089ce  _SFRA_IQ_uCosSum             
1     000089d4  _SFRA_IQ_uSinSum             
1     000089c2  _SFRA_IQ_windowSamples       
1     000089de  _SFRA_IQ_yCosSum             
1     000089d0  _SFRA_IQ_ySinSum             
1     00007050  _SciaRegs                    
1     00007750  _ScibRegs                    
0     003f4678  _SendData                    
1     0000a6cc  _SendTaskPtr                 
1     0000a003  _SerialCommsTimer            
0     003f44c3  _SerialHostComms             
0     003f4614  _SliderSet                   
0     003f4673  _SpareTsk08                  
1     00007040  _SpiaRegs                    
1     00007740  _SpibRegs                    
1     0000a005  _Start_Flag                  
1     00007010  _SysCtrlRegs                 
1     00000985  _SysPwrCtrlRegs              
1     0000a6c8  _TaskDoneFlag                
1     0000a6ce  _Temp                        
0     003f45f6  _TextSet                     
1     0000a0a8  _TrigSel                     
1     00004000  _Usb0Regs                    
1     0000a054  _VTimer0                     
1     0000a04c  _VTimer1                     
1     0000a050  _VTimer2                     
0     003f4623  _VariableGet                 
1     0000a02a  _Vout1SetSlewed              
1     0000a03e  _Vout1SlewRate               
1     0000a03c  _Vout1_dlog                  
1     0000a02e  _Vout1_slew_temp             
1     0000a032  _Vout_Ref_wInj               
1     0000a020  _Vref1                       
0     003f4c0e  _WDogDisable                 
1     00007070  _XIntruptRegs                
0     003f526a  __IQ16atan2                  
0     003f51cd  __IQ16log                    
0     003f52e5  __IQ16mag                    
0     003f5345  __IQ16toF                    
1     000000d0  __STACK_END                  
abs   00000080  __STACK_SIZE                 
1     0000a688  ___TI_cleanup_ptr            
1     0000a68a  ___TI_dtors_ptr              
abs   ffffffff  ___binit__                   
abs   ffffffff  ___c_args__                  
0     003f5359  ___cinit__                   
0     003f51cd  ___etext__                   
abs   ffffffff  ___pinit__                   
0     003f4000  ___text__                    
0     003f5180  __args_main                  
1     0000a68e  __lock                       
0     003f51ba  __nop                        
0     003f51b6  __register_lock              
0     003f51b2  __register_unlock            
1     00000050  __stack                      
1     0000a690  __unlock                     
0     003f5199  _abort                       
1     0000a180  _arrayGetList                
0     003f5060  _c_int00                     
1     0000a00b  _coeff_change                
1     0000a6c0  _dataOut16                   
1     0000a6d6  _dataOut32                   
1     0000a100  _dataSetList                 
1     0000a6c5  _delayer                     
1     0000a0c0  _ePWM                        
0     003f519b  _exit                        
1     0000a01a  _i                           
1     0000a018  _iK_IL1                      
1     0000a01c  _iK_Vout1                    
1     0000a01b  _initializationFlag          
0     003f4014  _main                        
1     0000a6d4  _memDataPtr16                
1     0000a6da  _memDataPtr32                
1     0000a00e  _pid2p2z_Gui                 
1     0000a026  _temp                        
1     0000a01e  _temp_Scratch                
1     0000a1a0  _varGetList                  
1     0000a160  _varSetBtnList               
1     0000a140  _varSetSldrList              
1     0000a120  _varSetTxtList               
1     0000a6c3  _wordsLeftToGet              
abs   ffffffff  binit                        
0     003f5359  cinit                        
0     003f7ff6  code_start                   
0     003f51cd  etext                        
abs   ffffffff  pinit                        


GLOBAL SYMBOLS: SORTED BY Symbol Address 

page  address   name                         
----  -------   ----                         
0     00008000  FS$$MPY                      
0     00008000  _RamfuncsRunStart            
0     0000805a  _SFRA_IQ_INJECT              
0     00008078  _SFRA_IQ_COLLECT             
0     000080bd  _DPL_Func                    
0     00008150  _InitFlash                   
0     0000816b  _DSP28x_usDelay              
0     003e8000  _RamfuncsLoadStart           
0     003e816f  _RamfuncsLoadEnd             
0     003f4000  .text                        
0     003f4000  ___text__                    
0     003f4014  _main                        
0     003f4226  _A0                          
0     003f423f  _B0                          
0     003f4255  _C0                          
0     003f426b  _A1                          
0     003f42ed  _A2                          
0     003f430d  _A3                          
0     003f433b  _A4                          
0     003f4341  _B1                          
0     003f43d2  _B2                          
0     003f43e6  _B3                          
0     003f43f0  _B4                          
0     003f43f6  _C1                          
0     003f4420  _C2                          
0     003f4435  _C3                          
0     003f4451  _C4                          
0     003f4457  _SCIA_Init                   
0     003f44c3  _SerialHostComms             
0     003f44c8  _GetCmdByte                  
0     003f4502  _EchoCmdByte                 
0     003f4519  _GetSizeByte                 
0     003f453c  _EchoSizeByte                
0     003f4553  _GetDataByte                 
0     003f4576  _EchoDataByte                
0     003f4589  _PackWord                    
0     003f45a3  _CmdInterpreter              
0     003f45ca  _LifePulseTsk                
0     003f45f6  _TextSet                     
0     003f4605  _ButtonSet                   
0     003f4614  _SliderSet                   
0     003f4623  _VariableGet                 
0     003f4626  _ArrayGet                    
0     003f4629  _DataGet                     
0     003f4650  _DataSet32                   
0     003f4673  _SpareTsk08                  
0     003f4678  _SendData                    
0     003f474b  _SFRA_IQ_BACKGROUND          
0     003f4934  _ADC_SOC_CNF                 
0     003f4af8  _DeviceInit                  
0     003f4c0e  _WDogDisable                 
0     003f4c16  _PLLset                      
0     003f4c50  _PieCntlInit                 
0     003f4c6f  _PieVectTableInit            
0     003f4c90  _MemCopy                     
0     003f4ca5  _PWM_1ch_UpCntDB_ActivHIC_CNF
0     003f4dbb  _PWM_1ch_UpCntDB_UpdateDB    
0     003f4dd8  _SFRA_IQ_INIT                
0     003f4e66  FD$$MPY                      
0     003f4ee9  FS$$DIV                      
0     003f4f6c  _DacDrvCnf                   
0     003f4fe8  FS$$SUB                      
0     003f4fed  FS$$ADD                      
0     003f5060  _c_int00                     
0     003f50a4  _DPL_Init                    
0     003f50df  L$$DIV                       
0     003f50ee  L$$MOD                       
0     003f50fc  UL$$DIV                      
0     003f5103  UL$$MOD                      
0     003f5109  _DPL_ISR_wFRA                
0     003f512b  FD$$TOL                      
0     003f514a  FS$$TOFD                     
0     003f5166  L$$TOFS                      
0     003f5180  __args_main                  
0     003f5199  C$$EXIT                      
0     003f5199  _abort                       
0     003f519b  _exit                        
0     003f51b2  __register_unlock            
0     003f51b6  __register_lock              
0     003f51ba  __nop                        
0     003f51c3  _ISR_ILLEGAL                 
0     003f51c8  FS$$NEG                      
0     003f51cd  __IQ16log                    
0     003f51cd  ___etext__                   
0     003f51cd  etext                        
0     003f526a  __IQ16atan2                  
0     003f52e5  __IQ16mag                    
0     003f5345  __IQ16toF                    
0     003f5359  ___cinit__                   
0     003f5359  cinit                        
0     003f7ff6  code_start                   
0     003fdc30  _IQsinTable                  
0     003fdd30  _IQcosTable                  
0     003fe030  _IQsinTableEnd               
0     003fe132  _IQcosTableEnd               
0     003fe132  _IQdivRoundSatTable          
0     003fe140  _IQdivTable                  
0     003fe342  _IQdivTableEnd               
0     003fe342  _IQisqrtRoundSatTable        
0     003fe342  _IQsqrtRoundSatTable         
0     003fe352  _IQisqrtTable                
0     003fe352  _IQsqrtTable                 
0     003fe454  _IQatan2HalfPITable          
0     003fe454  _IQisqrtTableEnd             
0     003fe454  _IQsqrtTableEnd              
0     003fe492  _IQatan2Table                
0     003fe618  _IQ30mpyRndSatTable          
0     003fe618  _IQatan2TableEnd             
0     003fe618  _IQmpyRndSatTable            
0     003fe624  _IQ29mpyRndSatTable          
0     003fe630  _IQ28mpyRndSatTable          
0     003fe63c  _IQ27mpyRndSatTable          
0     003fe648  _IQ26mpyRndSatTable          
0     003fe654  _IQ25mpyRndSatTable          
0     003fe660  _IQ24mpyRndSatTable          
0     003fe66c  _IQ23mpyRndSatTable          
0     003fe678  _IQ22mpyRndSatTable          
0     003fe684  _IQ21mpyRndSatTable          
0     003fe690  _IQ20mpyRndSatTable          
0     003fe69c  _IQ19mpyRndSatTable          
0     003fe6a8  _IQ18mpyRndSatTable          
0     003fe6b4  _IQ17mpyRndSatTable          
0     003fe6c0  _IQ16mpyRndSatTable          
0     003fe6cc  _IQ15mpyRndSatTable          
0     003fe6d8  _IQ14mpyRndSatTable          
0     003fe6e4  _IQ13mpyRndSatTable          
0     003fe6f0  _IQ12mpyRndSatTable          
0     003fe6fc  _IQ11mpyRndSatTable          
0     003fe708  _IQ10mpyRndSatTable          
0     003fe714  _IQ9mpyRndSatTable           
0     003fe720  _IQ8mpyRndSatTable           
0     003fe72c  _IQ7mpyRndSatTable           
0     003fe738  _IQ6mpyRndSatTable           
0     003fe744  _IQ5mpyRndSatTable           
0     003fe750  _IQ4mpyRndSatTable           
0     003fe75c  _IQ3mpyRndSatTable           
0     003fe768  _IQ2mpyRndSatTable           
0     003fe774  _IQ1mpyRndSatTable           
0     003fe780  _IQmpyRndSatTableEnd         
1     00000050  __stack                      
1     000000d0  __STACK_END                  
1     00000880  _DevEmuRegs                  
1     00000985  _SysPwrCtrlRegs              
1     00000a80  _FlashRegs                   
1     00000ae0  _CsmRegs                     
1     00000b00  _AdcResult                   
1     00000c00  _CpuTimer0Regs               
1     00000c08  _CpuTimer1Regs               
1     00000c10  _CpuTimer2Regs               
1     00000ce0  _PieCtrlRegs                 
1     00000d00  _EmuKey                      
1     00000d00  _PieVectTable                
1     00000d01  _EmuBMode                    
1     00000d02  _Flash_CallbackPtr           
1     00000d04  _Flash_CPUScaleFactor        
1     00001000  _DmaRegs                     
1     00001400  _Cla1Regs                    
1     00004000  _Usb0Regs                    
1     00005000  _McbspaRegs                  
1     00006000  _ECanaRegs                   
1     00006040  _ECanaLAMRegs                
1     00006080  _ECanaMOTSRegs               
1     000060c0  _ECanaMOTORegs               
1     00006100  _ECanaMboxes                 
1     00006400  _Comp1Regs                   
1     00006420  _Comp2Regs                   
1     00006440  _Comp3Regs                   
1     00006800  _EPwm1Regs                   
1     00006840  _EPwm2Regs                   
1     00006880  _EPwm3Regs                   
1     000068c0  _EPwm4Regs                   
1     00006900  _EPwm5Regs                   
1     00006940  _EPwm6Regs                   
1     00006980  _EPwm7Regs                   
1     000069c0  _EPwm8Regs                   
1     00006a00  _ECap1Regs                   
1     00006a20  _ECap2Regs                   
1     00006a40  _ECap3Regs                   
1     00006ac0  _HRCap1Regs                  
1     00006ae0  _HRCap2Regs                  
1     00006b00  _EQep1Regs                   
1     00006b40  _EQep2Regs                   
1     00006c80  _HRCap3Regs                  
1     00006ca0  _HRCap4Regs                  
1     00006f80  _GpioCtrlRegs                
1     00006fc0  _GpioDataRegs                
1     00006fe0  _GpioIntRegs                 
1     00007010  _SysCtrlRegs                 
1     00007040  _SpiaRegs                    
1     00007050  _SciaRegs                    
1     00007060  _NmiIntruptRegs              
1     00007070  _XIntruptRegs                
1     00007100  _AdcRegs                     
1     00007740  _SpibRegs                    
1     00007750  _ScibRegs                    
1     00007900  _I2caRegs                    
1     00008800  _DBUFF1                      
1     00008990  _CNTL_2P2Z_Ref1              
1     00008992  _CNTL_2P2Z_Fdbk1             
1     00008994  _CNTL_2P2Z_Out1              
1     00008996  _CNTL_2P2Z_Coef1             
1     00008998  _CNTL_2P2Z_DBUFF1            
1     000089a2  _CNTL_2P2Z_CoefStruct1       
1     000089b8  _PWMDRV_1ch_Duty4            
1     000089ba  _PWMDRV_1ch_Period4          
1     000089bc  _ADCDRV_1ch_Rlt1             
1     000089c0  _SFRA_IQ_preCount            
1     000089c1  _SFRA_IQ_state               
1     000089c2  _SFRA_IQ_windowSamples       
1     000089c3  _SFRA_IQ_count               
1     000089c4  _SFRA_IQ_StateSlew           
1     000089c6  _SFRA_IQ_amplitude           
1     000089c8  _SFRA_IQ_Q22_Q16Round        
1     000089ca  _SFRA_IQ_pointer             
1     000089cc  _SFRA_IQ_step                
1     000089ce  _SFRA_IQ_uCosSum             
1     000089d0  _SFRA_IQ_ySinSum             
1     000089d2  _SFRA_IQ_rCosSum             
1     000089d4  _SFRA_IQ_uSinSum             
1     000089d6  _SFRA_IQ_rSinSum             
1     000089d8  _SFRA_IQ_reference           
1     000089da  _SFRA_IQ_tableptr            
1     000089dc  _SFRA_IQ_tableptrStart       
1     000089de  _SFRA_IQ_yCosSum             
1     000089e0  _DLOG_1ch_Input1             
1     000089e2  _DLOG_1ch_OutputBuff1        
1     000089e4  _DLOG_1ch_TrigVal1           
1     000089e8  _DLOG_1ch_PreScalar1         
1     000089ea  _DLOG_1ch_Size1              
1     00009000  _Cla1funcsLoadEnd            
1     00009000  _Cla1funcsLoadStart          
1     00009000  _Cla1funcsRunStart           
1     0000a000  _FaultFlg1                   
1     0000a001  _ClearFault1                 
1     0000a002  _CommsOKflg                  
1     0000a003  _SerialCommsTimer            
1     0000a004  _Continuous_ON               
1     0000a005  _Start_Flag                  
1     0000a006  _Active_LD1_EN               
1     0000a007  _Active_load_PRD             
1     0000a008  _Pgain1_Gui                  
1     0000a009  _Igain1_Gui                  
1     0000a00a  _Itrip1                      
1     0000a00b  _coeff_change                
1     0000a00c  _No_2p2z                     
1     0000a00d  _Dgain1_Gui                  
1     0000a00e  _pid2p2z_Gui                 
1     0000a00f  _Gui_VSet1                   
1     0000a010  _Gui_dlog_trig1              
1     0000a011  _Gui_Vout1                   
1     0000a012  _Gui_Vin                     
1     0000a013  _Gui_IL1                     
1     0000a014  _K_IL1                       
1     0000a015  _K_Vin                       
1     0000a016  _K_Vout1                     
1     0000a017  _Gui_ItripSet                
1     0000a018  _iK_IL1                      
1     0000a019  _LedBlinkCnt                 
1     0000a01a  _i                           
1     0000a01b  _initializationFlag          
1     0000a01c  _iK_Vout1                    
1     0000a01e  _temp_Scratch                
1     0000a020  _Vref1                       
1     0000a022  _HistPtr                     
1     0000a024  _Duty1A_Set                  
1     0000a026  _temp                        
1     0000a028  _Duty1A                      
1     0000a02a  _Vout1SetSlewed              
1     0000a02c  _Duty1ASetSlewed             
1     0000a02e  _Vout1_slew_temp             
1     0000a030  _Duty1ASlewRate              
1     0000a032  _Vout_Ref_wInj               
1     0000a034  _Duty1A_slew_temp            
1     0000a036  _Dgain1                      
1     0000a038  _Dmax1                       
1     0000a03a  _Pgain1                      
1     0000a03c  _Vout1_dlog                  
1     0000a03e  _Vout1SlewRate               
1     0000a040  _Igain1                      
1     0000a042  _Adc_Vout1                   
1     0000a044  _A_Task_Ptr                  
1     0000a046  _B_Task_Ptr                  
1     0000a048  _Alpha_State_Ptr             
1     0000a04a  _C_Task_Ptr                  
1     0000a04c  _VTimer1                     
1     0000a050  _VTimer2                     
1     0000a054  _VTimer0                     
1     0000a058  _Hist_Vout1                  
1     0000a060  _Hist_IL2                    
1     0000a068  _Hist_Vin                    
1     0000a070  _Comp                        
1     0000a078  _Hist_IL1                    
1     0000a080  _Hist_Vout2                  
1     0000a088  _ACQPS                       
1     0000a098  _ChSel                       
1     0000a0a8  _TrigSel                     
1     0000a0c0  _ePWM                        
1     0000a0d2  _SFRA1                       
1     0000a100  _dataSetList                 
1     0000a120  _varSetTxtList               
1     0000a140  _varSetSldrList              
1     0000a160  _varSetBtnList               
1     0000a180  _arrayGetList                
1     0000a1a0  _varGetList                  
1     0000a1c0  _Plant_PhaseVect             
1     0000a2c0  _Plant_MagVect               
1     0000a3c0  _OL_PhaseVect                
1     0000a4c0  _OL_MagVect                  
1     0000a5c0  _FreqVect                    
1     0000a688  ___TI_cleanup_ptr            
1     0000a68a  ___TI_dtors_ptr              
1     0000a68c  _SFRA_IQ_BromSineTableStart  
1     0000a68e  __lock                       
1     0000a690  __unlock                     
1     0000a6c0  _dataOut16                   
1     0000a6c1  _RcvTskPtrShdw               
1     0000a6c2  _NumWords                    
1     0000a6c3  _wordsLeftToGet              
1     0000a6c4  _MemGetPtr                   
1     0000a6c5  _delayer                     
1     0000a6c6  _MemSetPtr                   
1     0000a6c7  _MemGetAmount                
1     0000a6c8  _TaskDoneFlag                
1     0000a6c9  _RxWord                      
1     0000a6ca  _LowByteFlag                 
1     0000a6cb  _RxChar                      
1     0000a6cc  _SendTaskPtr                 
1     0000a6ce  _Temp                        
1     0000a6d0  _MemSetValue                 
1     0000a6d2  _MemGetAddress               
1     0000a6d4  _memDataPtr16                
1     0000a6d6  _dataOut32                   
1     0000a6d8  _RcvTaskPointer              
1     0000a6da  _memDataPtr32                
1     0000a6dc  _CmdPacket                   
1     0000a700  _CmdDispatcher               
1     003d7e80  _PartIdRegs                  
1     003f7ff8  _CsmPwl                      
abs   00000080  __STACK_SIZE                 
abs   ffffffff  ___binit__                   
abs   ffffffff  ___c_args__                  
abs   ffffffff  ___pinit__                   
abs   ffffffff  binit                        
abs   ffffffff  pinit                        

[344 symbols]
